// Jest Snapshot v1, https://goo.gl/fbAQLP

exports[`App should render the component 1`] = `
Object {
  "asFragment": [Function],
  "baseElement": <body>
    <div>
      <div
        class="container mx-auto py-4"
      >
        <div>
          <h1
            class="text-3xl font-bold mt-9"
            data-testid="login-heading"
          >
            Login
          </h1>
          <form>
            <div>
              <label
                class="block text-sm font-medium text-slate-700"
                for="username"
              >
                Username
              </label>
              <div
                class="mt-1"
              >
                <input
                  class="mb3"
                  data-testid="username"
                  id="username"
                  name="username"
                  type="text"
                  value="sarahedo"
                />
              </div>
            </div>
            <div
              class="mt-6"
            >
              <label
                class="block text-sm font-medium text-slate-700"
                for="password"
              >
                Password
              </label>
              <div
                class="mt-1"
              >
                <input
                  class="mb-3"
                  data-testid="password"
                  id="password"
                  name="password"
                  type="password"
                  value="sarahedo"
                />
              </div>
            </div>
            <div
              class="mt-6 text-right"
            >
              <button
                class="w-100"
                data-testid="submit"
                type="submit"
              >
                Login
              </button>
            </div>
          </form>
        </div>
      </div>
    </div>
  </body>,
  "container": <div>
    <div
      class="container mx-auto py-4"
    >
      <div>
        <h1
          class="text-3xl font-bold mt-9"
          data-testid="login-heading"
        >
          Login
        </h1>
        <form>
          <div>
            <label
              class="block text-sm font-medium text-slate-700"
              for="username"
            >
              Username
            </label>
            <div
              class="mt-1"
            >
              <input
                class="mb3"
                data-testid="username"
                id="username"
                name="username"
                type="text"
                value="sarahedo"
              />
            </div>
          </div>
          <div
            class="mt-6"
          >
            <label
              class="block text-sm font-medium text-slate-700"
              for="password"
            >
              Password
            </label>
            <div
              class="mt-1"
            >
              <input
                class="mb-3"
                data-testid="password"
                id="password"
                name="password"
                type="password"
                value="sarahedo"
              />
            </div>
          </div>
          <div
            class="mt-6 text-right"
          >
            <button
              class="w-100"
              data-testid="submit"
              type="submit"
            >
              Login
            </button>
          </div>
        </form>
      </div>
    </div>
  </div>,
  "debug": [Function],
  "findAllByAltText": [Function],
  "findAllByDisplayValue": [Function],
  "findAllByLabelText": [Function],
  "findAllByPlaceholderText": [Function],
  "findAllByRole": [Function],
  "findAllByTestId": [Function],
  "findAllByText": [Function],
  "findAllByTitle": [Function],
  "findByAltText": [Function],
  "findByDisplayValue": [Function],
  "findByLabelText": [Function],
  "findByPlaceholderText": [Function],
  "findByRole": [Function],
  "findByTestId": [Function],
  "findByText": [Function],
  "findByTitle": [Function],
  "getAllByAltText": [Function],
  "getAllByDisplayValue": [Function],
  "getAllByLabelText": [Function],
  "getAllByPlaceholderText": [Function],
  "getAllByRole": [Function],
  "getAllByTestId": [Function],
  "getAllByText": [Function],
  "getAllByTitle": [Function],
  "getByAltText": [Function],
  "getByDisplayValue": [Function],
  "getByLabelText": [Function],
  "getByPlaceholderText": [Function],
  "getByRole": [Function],
  "getByTestId": [Function],
  "getByText": [Function],
  "getByTitle": [Function],
  "queryAllByAltText": [Function],
  "queryAllByDisplayValue": [Function],
  "queryAllByLabelText": [Function],
  "queryAllByPlaceholderText": [Function],
  "queryAllByRole": [Function],
  "queryAllByTestId": [Function],
  "queryAllByText": [Function],
  "queryAllByTitle": [Function],
  "queryByAltText": [Function],
  "queryByDisplayValue": [Function],
  "queryByLabelText": [Function],
  "queryByPlaceholderText": [Function],
  "queryByRole": [Function],
  "queryByTestId": [Function],
  "queryByText": [Function],
  "queryByTitle": [Function],
  "rerender": [Function],
  "unmount": [Function],
}
`;
